// Jest Snapshot v1, https://goo.gl/fbAQLP

exports[`Snapshot Deve corresponder ao Snapshot 1`] = `
<div>
  <div
    className="sc-gswNZR kZkAEs"
  >
    <div
      className="sc-dkrFOg bktbFR"
    >
      <div
        className="sc-hLBbgP PqNIR"
      >
        <h1
          className="sc-eDvSVe kinkDz"
        >
          AMIS
        </h1>
        <a
          href="/"
          onClick={[Function]}
        >
          <button
            className="sc-jSUZER jcgnhb"
            onClick={[Function]}
          >
            Home
          </button>
        </a>
        <a
          href="/receitas"
          onClick={[Function]}
        >
          <button
            className="sc-jSUZER dJarrl"
            onClick={[Function]}
          >
            Receitas
          </button>
        </a>
      </div>
      <a
        href="/login"
        onClick={[Function]}
      >
        <button
          className="sc-bcXHqe hosLZH"
          type="submit"
        >
          Área Logada
        </button>
      </a>
    </div>
  </div>
  <div
    className="sc-pyfCe imeiCh"
  >
    <div
      className="sc-jrcTuL JGmuq"
    >
      <h1
        className="sc-ipEyDJ jmfPub"
      >
        AMIS
      </h1>
      <h1
        className="sc-ipEyDJ jmfPub"
      >
        Mulheres Criativas
      </h1>
      <span
        style={
          {
            "paddingTop": "30px",
          }
        }
      >
        Lorem ipsum dolor sit amet, consectetur adipiscing elit.
      </span>
      <span
        style={
          {
            "paddingBottom": "30px",
          }
        }
      >
        Varius sed pharetra dictum neque massa congue
      </span>
      <div
        style={
          {
            "display": "flex",
            "gap": "15px",
          }
        }
      >
        <button
          className="sc-bcXHqe hosLZH"
          type="submit"
        >
          Saiba Mais
        </button>
        <button
          className="sc-bcXHqe hosLZH"
          type="submit"
        >
          Faça um pedido
        </button>
      </div>
    </div>
    <div
      style={
        {
          "position": "relative",
        }
      }
    >
      <img
        className="sc-kDvujY dZOaFW"
        src="test-file-stub"
        style={
          {
            "bottom": -80,
            "left": -200,
            "position": "absolute",
            "width": "300px",
            "zIndex": 5,
          }
        }
      />
      <img
        className="sc-kDvujY dZOaFW"
        src="test-file-stub"
        style={
          {
            "width": "400px",
            "zIndex": 0,
          }
        }
      />
    </div>
  </div>
  <div
    className="sc-csuSiG LehPO"
  >
    <h1
      className="sc-eDWCr hgslZR"
    >
      Quem Somos
    </h1>
    <span
      className="sc-bqWxrE cFaTl"
    >
      Lorem ipsum dolor sit amet, consectetur adipiscing elit. Nullam aliquam egestas ultricies. Morbi venenatis, odio a laoreet vulputate, sapien tellus ornare orci, sit amet feugiat arcu dui sed lorem. Maecenas et lacus vel lacus lacinia porttitor. Nulla tempus dictum efficitur. Suspendisse potenti. Sed ac nulla eget nunc tempor faucibus sed et mauris. Lorem ipsum dolor sit amet, consectetur adipiscing elit. Suspendisse potenti. Quisque tortor ipsum, tincidunt eget ligula at, aliquet commodo purus. Vestibulum ante ipsum primis in faucibus orci luctus et ultrices posuere cubilia curae; In pretium leo ac dolor gravida pretium. Sed eu venenatis lacus, efficitur pulvinar massa. Morbi aliquet sapien vitae purus tincidunt, eget consequat erat iaculis. Donec ut sem ac sapien laoreet congue id et neque. Ut fermentum non libero ut consequat. Quisque elementum velit eget ipsum suscipit rutrum.
    </span>
    <h1
      className="sc-eDWCr hgslZR"
    >
       Nossa missão
    </h1>
    <span
      className="sc-bqWxrE cFaTl"
    >
      Lorem ipsum dolor sit amet, consectetur adipiscing elit. Nullam aliquam egestas ultricies. Morbi venenatis, odio a laoreet vulputate, sapien tellus ornare orci, sit amet feugiat arcu dui sed lorem. Maecenas et lacus vel lacus lacinia porttitor. Nulla tempus dictum efficitur. Suspendisse potenti. Sed ac nulla eget nunc tempor faucibus sed et mauris. Lorem ipsum dolor sit amet, consectetur adipiscing elit. Suspendisse potenti. Quisque tortor ipsum, tincidunt eget ligula at, aliquet commodo purus. Vestibulum ante ipsum primis in faucibus orci luctus et ultrices posuere cubilia curae; In pretium leo ac dolor gravida pretium. Sed eu venenatis lacus, efficitur pulvinar massa. Morbi aliquet sapien vitae purus tincidunt, eget consequat erat iaculis. Donec ut sem ac sapien laoreet congue id et neque. Ut fermentum non libero ut consequat. Quisque elementum velit eget ipsum suscipit rutrum.
    </span>
  </div>
  <div
    className="sc-ksBlkl klDHPT"
  >
    <div
      className="sc-hBxehG feFFpL"
    >
      <h1
        className="sc-fnGiBr EUrWg"
      />
      <span
        className="sc-fEXmlR jdDBVa"
      >
        Mulheres atendidas
      </span>
    </div>
    <div
      className="sc-hBxehG feFFpL"
    >
      <h1
        className="sc-fnGiBr EUrWg"
      />
      <span
        className="sc-fEXmlR jdDBVa"
      >
        Formações profissionais
      </span>
    </div>
  </div>
  <div
    className="sc-bjfHbI eYKaln"
  >
    <div>
      <h1
        className="sc-idXgbr kzIKeW"
      >
        Nossas receitas
      </h1>
    </div>
  </div>
  <div
    className="sc-gKPRtg iqitGV"
  >
    <a
      href="https://www.instagram.com/amismulherescriativas/"
    >
      <img
        className="sc-iBYQkv hxzrlC"
        src="test-file-stub"
        style={
          {
            "marginBottom": "20px",
            "marginRight": "20x",
            "width": "40px",
          }
        }
      />
    </a>
    <a
      href="https://pt-br.facebook.com/InstitutoMulheresCriativas/"
    >
      <img
        className="sc-iBYQkv hxzrlC"
        src="test-file-stub"
        style={
          {
            "marginBottom": "20px",
            "marginRight": "20px",
            "width": "20px",
          }
        }
      />
    </a>
    <div>
      <span
        className="sc-ftTHYK iiMjPP"
      >
        © 2022. All rights reserved.
      </span>
    </div>
  </div>
</div>
`;
