// Jest Snapshot v1, https://goo.gl/fbAQLP

exports[`Snapshot Deve corresponder ao Snapshot 1`] = `
<div
  className="sc-gKPRtg kPSzjs"
>
  <div
    className="sc-gswNZR kZkAEs"
  >
    <div
      className="sc-dkrFOg bktbFR"
    >
      <div
        className="sc-hLBbgP PqNIR"
      >
        <h1
          className="sc-eDvSVe kinkDz"
        >
          AMIS
        </h1>
        <a
          href="/"
          onClick={[Function]}
        >
          <button
            className="sc-jSUZER jcgnhb"
            onClick={[Function]}
          >
            Home
          </button>
        </a>
        <a
          href="/receitas"
          onClick={[Function]}
        >
          <button
            className="sc-jSUZER dJarrl"
            onClick={[Function]}
          >
            Receitas
          </button>
        </a>
        <a
          href="/contato"
          onClick={[Function]}
        >
          <button
            className="sc-jSUZER dJarrl"
            onClick={[Function]}
          >
            Contato
          </button>
        </a>
      </div>
    </div>
  </div>
  <div
    className="sc-iBYQkv bhWnnP"
  >
    <div
      className="sc-ftTHYK fFyOsT"
    >
      <h1
        className="sc-jrcTuL hRZDrV"
      >
        Acesse sua conta
      </h1>
      <form
        className="sc-pyfCe iodKnR"
        onSubmit={[Function]}
      >
        <div
          className="MuiFormControl-root MuiTextField-root css-hxgvyh-MuiFormControl-root-MuiTextField-root"
        >
          <label
            className="MuiFormLabel-root MuiInputLabel-root MuiInputLabel-formControl MuiInputLabel-animated MuiInputLabel-outlined MuiFormLabel-colorPrimary MuiInputLabel-root MuiInputLabel-formControl MuiInputLabel-animated MuiInputLabel-outlined css-14s5rfu-MuiFormLabel-root-MuiInputLabel-root"
            data-shrink={false}
            htmlFor="outlined-cpf"
            id="outlined-cpf-label"
          >
            Email
          </label>
          <div
            className="MuiInputBase-root MuiOutlinedInput-root MuiInputBase-colorPrimary MuiInputBase-formControl css-9ddj71-MuiInputBase-root-MuiOutlinedInput-root"
            onClick={[Function]}
          >
            <input
              aria-invalid={false}
              autoFocus={false}
              className="MuiInputBase-input MuiOutlinedInput-input css-1t8l2tu-MuiInputBase-input-MuiOutlinedInput-input"
              disabled={false}
              id="outlined-cpf"
              name="email"
              onAnimationStart={[Function]}
              onBlur={[Function]}
              onChange={[Function]}
              onFocus={[Function]}
              required={false}
              type="text"
            />
            <fieldset
              aria-hidden={true}
              className="MuiOutlinedInput-notchedOutline css-1d3z3hw-MuiOutlinedInput-notchedOutline"
            >
              <legend
                className="css-yjsfm1"
              >
                <span>
                  Email
                </span>
              </legend>
            </fieldset>
          </div>
        </div>
        <div
          className="MuiFormControl-root css-u4ppxh-MuiFormControl-root"
        >
          <label
            className="MuiFormLabel-root MuiInputLabel-root MuiInputLabel-formControl MuiInputLabel-animated MuiInputLabel-outlined MuiFormLabel-colorPrimary MuiInputLabel-root MuiInputLabel-formControl MuiInputLabel-animated MuiInputLabel-outlined css-14s5rfu-MuiFormLabel-root-MuiInputLabel-root"
            data-shrink={false}
            htmlFor="outlined-adornment-password"
          >
            Senha
          </label>
          <div
            className="MuiInputBase-root MuiOutlinedInput-root MuiInputBase-colorPrimary MuiInputBase-formControl MuiInputBase-adornedEnd css-o9k5xi-MuiInputBase-root-MuiOutlinedInput-root"
            onClick={[Function]}
          >
            <input
              aria-invalid={false}
              className="MuiInputBase-input MuiOutlinedInput-input MuiInputBase-inputAdornedEnd css-nxo287-MuiInputBase-input-MuiOutlinedInput-input"
              disabled={false}
              id="outlined-adornment-password"
              name="senha"
              onAnimationStart={[Function]}
              onBlur={[Function]}
              onChange={[Function]}
              onFocus={[Function]}
              required={false}
              type="password"
            />
            <div
              className="MuiInputAdornment-root MuiInputAdornment-positionEnd MuiInputAdornment-outlined MuiInputAdornment-sizeMedium css-1laqsz7-MuiInputAdornment-root"
            >
              <svg
                aria-label="toggle password visibility"
                cursor="pointer"
                fill="currentColor"
                height={20}
                onClick={[Function]}
                stroke="currentColor"
                strokeWidth="0"
                style={
                  {
                    "color": undefined,
                  }
                }
                viewBox="0 0 1024 1024"
                width={20}
                xmlns="http://www.w3.org/2000/svg"
              >
                <path
                  d="M396 512a112 112 0 1 0 224 0 112 112 0 1 0-224 0zm546.2-25.8C847.4 286.5 704.1 186 512 186c-192.2 0-335.4 100.5-430.2 300.3a60.3 60.3 0 0 0 0 51.5C176.6 737.5 319.9 838 512 838c192.2 0 335.4-100.5 430.2-300.3 7.7-16.2 7.7-35 0-51.5zM508 688c-97.2 0-176-78.8-176-176s78.8-176 176-176 176 78.8 176 176-78.8 176-176 176z"
                />
              </svg>
            </div>
            <fieldset
              aria-hidden={true}
              className="MuiOutlinedInput-notchedOutline css-1d3z3hw-MuiOutlinedInput-notchedOutline"
            >
              <legend
                className="css-yjsfm1"
              >
                <span>
                  Password
                </span>
              </legend>
            </fieldset>
          </div>
        </div>
        <a
          className="sc-kDvujY gBwRaV"
        >
          Esqueceu sua senha?
        </a>
        <button
          className="sc-bcXHqe kgeCMO"
          type="submit"
        >
          Entrar
        </button>
      </form>
    </div>
  </div>
</div>
`;
